exception_class: PHPUnit\Framework\Exception
seen_at: 1546346096000000
message: 'This is a test'
solutions: {  }
stacktrace: {  }
open_frame_index: null
application_path: null
tracking_uuid: fake-uuid
handled: null
attributes:
    service.name: 'My Application'
    service.version: null
    service.stage: null
    telemetry.sdk.language: fake-telemetry-sdk-language
    telemetry.sdk.name: fake-telemetry-sdk-name
    telemetry.sdk.version: fake-telemetry-sdk-version
    host.ip: fake-ip
    host.name: fake-host-name
    host.arch: fake-arch
    os.type: fake-os-type
    os.description: fake-os-description
    os.name: fake-os-name
    os.version: fake-os-version
    process.pid: fake-process-pid
    process.executable.path: fake-process-executable-path
    process.command: fake-process-command
    process.command_args: fake-process-command-args
    process.owner: fake-process-owner
    process.runtime.name: fake-process-runtime-name
    process.runtime.version: fake-process-runtime-version
    flare.language: PHP
events: {  }
