notifier: flare-client-php
language: PHP
framework_version: null
language_version: 7.3.2
exception_class: Log
seen_at: 1546305825000000
message: 'this is a message'
solutions: {  }
stacktrace: {  }
application_stage: null
open_frame_index: 0
application_path: null
application_version: null
tracking_uuid: fake-uuid
handled: null
attributes: {  }
spans: {  }
span_events: {  }
